2026-09-02 05:31:47.016: [INFO] CurrentProfilePath: D:\RestAPI\.metadata\.plugins\org.eclipse.swt\EBWebView\Default
2026-09-02 05:31:47.016: [INFO] Profiles total count: 1
2026-09-02 05:31:47.016: [INFO] Profile: name=Profile 1 path=D:\RestAPI\.metadata\.plugins\org.eclipse.swt\EBWebView\Default lastActive=null
2026-09-02 05:31:47.016: [INFO] LastUsedProfileDir: D:\RestAPI\.metadata\.plugins\org.eclipse.swt\EBWebView\Default
2026-09-02 05:31:47.016: [INFO] OnDoneLoading sync enabled: 0
2026-09-02 05:31:47.016: [INFO] BookmarkModelLoaded, ids_reassigned: 0
2026-09-02 05:31:47.016: [INFO] BookmarksLoadDropped droppedNodes=0
2026-09-02 05:31:47.016: [INFO] BookmarksSnapshot Startup total=0 bar=0 other=0 mobile=0 showBar=0 showBarNTP=1
2026-09-02 05:31:50.794: [INFO] BookmarksSnapshot Shutdown total=0 bar=0 other=0 mobile=0 showBar=0 showBarNTP=1
2026-09-02 05:32:05.690: [INFO] CurrentProfilePath: D:\RestAPI\.metadata\.plugins\org.eclipse.swt\EBWebView\Default
2026-09-02 05:32:05.690: [INFO] Profiles total count: 1
2026-09-02 05:32:05.690: [INFO] Profile: name=Profile 1 path=D:\RestAPI\.metadata\.plugins\org.eclipse.swt\EBWebView\Default lastActive=null
2026-09-02 05:32:05.690: [INFO] LastUsedProfileDir: D:\RestAPI\.metadata\.plugins\org.eclipse.swt\EBWebView\Default
2026-09-02 05:32:05.690: [INFO] OnDoneLoading sync enabled: 0
2026-09-02 05:32:05.690: [INFO] BookmarkModelLoaded, ids_reassigned: 0
2026-09-02 05:32:05.690: [INFO] BookmarksLoadDropped droppedNodes=0
2026-09-02 05:32:05.690: [INFO] BookmarksSnapshot Startup total=0 bar=0 other=0 mobile=0 showBar=0 showBarNTP=1
2026-09-02 05:32:05.828: [INFO] BookmarksSnapshot Shutdown total=0 bar=0 other=0 mobile=0 showBar=0 showBarNTP=1
2026-09-02 05:32:10.875: [INFO] CurrentProfilePath: D:\RestAPI\.metadata\.plugins\org.eclipse.swt\EBWebView\Default
2026-09-02 05:32:10.875: [INFO] Profiles total count: 1
2026-09-02 05:32:10.875: [INFO] Profile: name=Profile 1 path=D:\RestAPI\.metadata\.plugins\org.eclipse.swt\EBWebView\Default lastActive=null
2026-09-02 05:32:10.875: [INFO] LastUsedProfileDir: D:\RestAPI\.metadata\.plugins\org.eclipse.swt\EBWebView\Default
2026-09-02 05:32:10.875: [INFO] OnDoneLoading sync enabled: 0
2026-09-02 05:32:10.875: [INFO] BookmarkModelLoaded, ids_reassigned: 0
2026-09-02 05:32:10.875: [INFO] BookmarksLoadDropped droppedNodes=0
2026-09-02 05:32:10.875: [INFO] BookmarksSnapshot Startup total=0 bar=0 other=0 mobile=0 showBar=0 showBarNTP=1
2026-09-02 05:32:11.003: [INFO] BookmarksSnapshot Shutdown total=0 bar=0 other=0 mobile=0 showBar=0 showBarNTP=1
2026-09-02 05:32:11.770: [INFO] CurrentProfilePath: D:\RestAPI\.metadata\.plugins\org.eclipse.swt\EBWebView\Default
2026-09-02 05:32:11.770: [INFO] Profiles total count: 1
2026-09-02 05:32:11.770: [INFO] Profile: name=Profile 1 path=D:\RestAPI\.metadata\.plugins\org.eclipse.swt\EBWebView\Default lastActive=null
2026-09-02 05:32:11.770: [INFO] LastUsedProfileDir: D:\RestAPI\.metadata\.plugins\org.eclipse.swt\EBWebView\Default
2026-09-02 05:32:11.770: [INFO] OnDoneLoading sync enabled: 0
2026-09-02 05:32:11.770: [INFO] BookmarkModelLoaded, ids_reassigned: 0
2026-09-02 05:32:11.770: [INFO] BookmarksLoadDropped droppedNodes=0
2026-09-02 05:32:11.770: [INFO] BookmarksSnapshot Startup total=0 bar=0 other=0 mobile=0 showBar=0 showBarNTP=1
2026-09-02 05:32:11.921: [INFO] BookmarksSnapshot Shutdown total=0 bar=0 other=0 mobile=0 showBar=0 showBarNTP=1
2026-09-02 05:32:16.370: [INFO] CurrentProfilePath: D:\RestAPI\.metadata\.plugins\org.eclipse.swt\EBWebView\Default
2026-09-02 05:32:16.370: [INFO] Profiles total count: 1
2026-09-02 05:32:16.370: [INFO] Profile: name=Profile 1 path=D:\RestAPI\.metadata\.plugins\org.eclipse.swt\EBWebView\Default lastActive=null
2026-09-02 05:32:16.370: [INFO] LastUsedProfileDir: D:\RestAPI\.metadata\.plugins\org.eclipse.swt\EBWebView\Default
2026-09-02 05:32:16.370: [INFO] OnDoneLoading sync enabled: 0
2026-09-02 05:32:16.370: [INFO] BookmarkModelLoaded, ids_reassigned: 0
2026-09-02 05:32:16.370: [INFO] BookmarksLoadDropped droppedNodes=0
2026-09-02 05:32:16.370: [INFO] BookmarksSnapshot Startup total=0 bar=0 other=0 mobile=0 showBar=0 showBarNTP=1
2026-09-02 05:32:22.149: [INFO] BookmarksSnapshot Shutdown total=0 bar=0 other=0 mobile=0 showBar=0 showBarNTP=1
2026-09-02 05:34:21.586: [INFO] CurrentProfilePath: D:\RestAPI\.metadata\.plugins\org.eclipse.swt\EBWebView\Default
2026-09-02 05:34:21.586: [INFO] Profiles total count: 1
2026-09-02 05:34:21.586: [INFO] Profile: name=Profile 1 path=D:\RestAPI\.metadata\.plugins\org.eclipse.swt\EBWebView\Default lastActive=null
2026-09-02 05:34:21.586: [INFO] LastUsedProfileDir: D:\RestAPI\.metadata\.plugins\org.eclipse.swt\EBWebView\Default
2026-09-02 05:34:21.586: [INFO] OnDoneLoading sync enabled: 0
2026-09-02 05:34:21.586: [INFO] BookmarkModelLoaded, ids_reassigned: 0
2026-09-02 05:34:21.586: [INFO] BookmarksLoadDropped droppedNodes=0
2026-09-02 05:34:21.586: [INFO] BookmarksSnapshot Startup total=0 bar=0 other=0 mobile=0 showBar=0 showBarNTP=1
2026-09-02 13:31:54.925: [INFO] BookmarksSnapshot Shutdown total=0 bar=0 other=0 mobile=0 showBar=0 showBarNTP=1
